// Jest Snapshot v1, https://goo.gl/fbAQLP

exports[`should render LogInPage correctly 1`] = `
<div
  className="box-layout"
>
  <div
    className="box-layout__box"
  >
    <h1
      className="box-layout__title"
    >
      Expensify
    </h1>
    <p>
      Manage your expenses, at no expense!
    </p>
    <button
      className="button"
    >
      Log In
    </button>
  </div>
</div>
`;
